facing you:
tx gnd rx 3v3
==========================

 U-Boot SPL 2013.07 (Nov 18 2021 - 14:12:39)
pll_init:399
pll_cfg.pdiv = 10, pll_cfg.h2div = 5, pll_cfg.h0div = 5, pll_cfg.cdiv = 1, pll_cfg.l2div = 2
fbdiv = 36 , refdiv = 1 , fdivq = 2 ,pllod = 1 range = 3
cppcr is 02300860
CPM_CPAPCR 0470484d
fbdiv = 38 , refdiv = 1 , fdivq = 2 ,pllod = 1 range = 3
cppcr is 02500860
CPM_CPMPCR 04a0484d
fbdiv = 50 , refdiv = 1 , fdivq = 2 ,pllod = 1 range = 3
cppcr is 03100860
CPM_CPVPCR 0310086d
cppcr 0x9a773310
apll_freq 864000000 
mpll_freq 900000000 
vpll_freq = 1200000000 
ddr sel mpll, cpu sel apll
ddrfreq 450000000
cclk  864000000
l2clk 432000000
h0clk 180000000
h2clk 180000000
pclk  90000000
sdram init start
ddr_inno_phy_init ..!
phy reg = 0x00000007, CL = 0x00000007
ddr_inno_phy_init ..! 11:  00000004
ddr_inno_phy_init ..! 22:  00000006
ddr_inno_phy_init ..! 33:  00000006
REG_DDR_LMR: 00000210
REG_DDR_LMR: 00000310
REG_DDR_LMR: 00000110
REG_DDR_LMR, MR0: 00d73011
T30_0x5: 00000007
T30_0x15: 0000000c
T30_0x4: 00000000
T30_0x14: 00000002
INNO_TRAINING_CTRL 1: 00000000
INNO_TRAINING_CTRL 2: 000000a1
T30_cc: 00000003
INNO_TRAINING_CTRL 3: 000000a0
T30_118: 0000003c
T30_158: 0000003c
T30_190: 00000020
T30_194: 0000001e
jz-04 :  0x00000051 
jz-08 :  0x000000a0 
jz-28 :  0x00000024 
DDR PHY init OK
INNO_DQ_WIDTH   :00000003
INNO_PLL_FBDIV  :00000014
INNO_PLL_PDIV   :00000005
INNO_MEM_CFG    :00000051
INNO_PLL_CTRL   :00000018
INNO_CHANNEL_EN :0000000d
INNO_CWL        :00000006
INNO_CL         :00000007
DDR Controller init
DDRC_STATUS         0x80000001
DDRC_CFG            0x0a688a40
DDRC_CTRL           0x0000891c
DDRC_LMR            0x00400008
DDRC_DLP            0x00000000
DDRC_TIMING1        0x040e0706
DDRC_TIMING2        0x02150607
DDRC_TIMING3        0x2006051b
DDRC_TIMING4        0x17240031
DDRC_TIMING5        0xff060405
DDRC_TIMING6        0x32150505
DDRC_REFCNT         0x00da5b01
DDRC_MMAP0          0x000020fc
DDRC_MMAP1          0x00002400
DDRC_REMAP1         0x03020100
DDRC_REMAP2         0x07060504
DDRC_REMAP3         0x0b0a0908
DDRC_REMAP4         0x0f0e0d0c
DDRC_REMAP5         0x13121110
DDRC_AUTOSR_EN      0x00000000
sdram init finished


U-Boot 2013.07 (Nov 18 2021 - 14:12:39)

Board: ISVP (Ingenic XBurst T21 SoC)
DRAM:  64 MiB
Top of RAM usable for U-Boot at: 84000000
Reserving 446k for U-Boot at: 83f90000
Reserving 32784k for malloc() at: 81f8c000
Reserving 32 Bytes for Board Info at: 81f8bfe0
Reserving 124 Bytes for Global Data at: 81f8bf64
Reserving 128k for boot params() at: 81f6bf64
Stack Pointer at: 81f6bf48
Now running in RAM - U-Boot at: 83f90000
MMC:   msc: 0
the manufacturer a1
SF: Detected FM25Q128A

*** Warning - bad CRC, using default environment

In:    serial
Out:   serial
Err:   serial
Net:   cpm_mphyc_rst = 0x01000000 cpm_mphyc = 0x00000000
Jz4775-9161
the manufacturer a1
SF: Detected FM25Q128A

ReadMiniSysBootFlag] ReadFlashData(.)=0 
T21N_U2  flash:UPGID=AJUFW 
---- {{ check Update:mmc_num=1 ----
Card did not respond to voltage select!
** Bad device mmc 0 **
Card did not respond to voltage select!
** Bad device mmc 0 **
updateFlashPartion, no tfcard
---- }} check Update. bTFCard=0 bFat=0
### main_loop: bootcmd="sf probe;sf read 0x80600000 0x40000 0x1E0000; bootm 0x80600000"
 0 
the manufacturer a1
SF: Detected FM25Q128A

--->probe spend 4 ms
SF: 1966080 bytes @ 0x40000 Read: OK
--->read spend 318 ms
## Booting kernel from Legacy Image at 80600000 ...
   Image Name:   Linux-3.10.14__isvp_turkey_1.0__
   Image Type:   MIPS Linux Kernel Image (lzma compressed)
   Data Size:    1708008 Bytes = 1.6 MiB
   Load Address: 80010000
   Entry Point:  803b8e10
   Verifying Checksum ... OK
   Uncompressing Kernel Image ... OK

Starting kernel ...

[    0.000000] Initializing cgroup subsys cpu
[    0.000000] Initializing cgroup subsys cpuacct
[    0.000000] Linux version 3.10.14__isvp_turkey_1.0__ (root@ubuntu-server) (gcc version 4.7.2 (Ingenic r2.3.3 2016.12) ) #100 PREEMPT Sat Aug 14 10:29:13 CST 2021
[    0.000000] bootconsole [early0] enabled
[    0.000000] CPU0 RESET ERROR PC:8DBF0300
[    0.000000] CPU0 revision is: 00d00100 (Ingenic Xburst)
[    0.000000] FPU revision is: 00b70000
[    0.000000] CCLK:864MHz L2CLK:432Mhz H0CLK:225MHz H2CLK:225Mhz PCLK:112Mhz
[    0.000000] Determined physical RAM map:
[    0.000000]  memory: 004d5000 @ 00010000 (usable)
[    0.000000]  memory: 0003b000 @ 004e5000 (usable after init)
[    0.000000] User-defined physical RAM map:
[    0.000000]  memory: 02b00000 @ 00000000 (usable)
[    0.000000] Zone ranges:
[    0.000000]   Normal   [mem 0x00000000-0x02afffff]
[    0.000000] Movable zone start for each node
[    0.000000] Early memory node ranges
[    0.000000]   node   0: [mem 0x00000000-0x02afffff]
[    0.000000] Primary instruction cache 16kB, 8-way, VIPT, linesize 32 bytes.
[    0.000000] Primary data cache 16kB, 8-way, VIPT, no aliases, linesize 32 bytes
[    0.000000] pls check processor_id[0x00d00100],sc_jz not support!
[    0.000000] MIPS secondary cache 64kB, 8-way, linesize 32 bytes.
[    0.000000] Built 1 zonelists in Zone order, mobility grouping off.  Total pages: 10922
[    0.000000] Kernel command line: tf=0 console=ttyS1,115200n8 mem=43M@0x0 rmem=21M@0x2B00000 init=/linuxrc rootfstype=squashfs root=/dev/mtdblock2 rw mtdparts=jz_sfc:256k(boot),2560k(kernel),9088k(root),320k(syscfg),320k(sysbak),1472k(minikernel),2304k(minirootfs),64k(upgrade),-(appfs)
[    0.000000] PID hash table entries: 256 (order: -2, 1024 bytes)
[    0.000000] Dentry cache hash table entries: 8192 (order: 3, 32768 bytes)
[    0.000000] Inode-cache hash table entries: 4096 (order: 2, 16384 bytes)
[    0.000000] Memory: 37780k/44032k available (3782k kernel code, 6252k reserved, 1165k data, 236k init, 0k highmem)
[    0.000000] SLUB: HWalign=32, Order=0-3, MinObjects=0, CPUs=1, Nodes=1
[    0.000000] Preemptible hierarchical RCU implementation.
[    0.000000] NR_IRQS:422
[    0.000000] clockevents_config_and_register success.
[    0.000032] Calibrating delay loop... 858.52 BogoMIPS (lpj=4292608)
[    0.037690] pid_max: default: 32768 minimum: 301
[    0.042699] Mount-cache hash table entries: 512
[    0.047954] Initializing cgroup subsys debug
[    0.052220] Initializing cgroup subsys freezer
[    0.059952] regulator-dummy: no parameters
[    0.064275] NET: Registered protocol family 16
[    0.086072] bio: create slab <bio-0> at 0
[    0.093024] jz-dma jz-dma: JZ SoC DMA initialized
[    0.098258] usbcore: registered new interface driver usbfs
[    0.103812] usbcore: registered new interface driver hub
[    0.109360] usbcore: registered new device driver usb
[    0.114648] i2c-gpio i2c-gpio.2: using pins 48 (SDA) and 39 (SCL)
[    0.120992]  (null): set:280  hold:281 dev=112500000 h=562 l=562
[    0.127201] media: Linux media interface: v0.10
[    0.131790] Linux video capture interface: v2.00
[    0.138650] Switching to clocksource jz_clocksource
[    0.144347] jz-dwc2 jz-dwc2: cgu clk gate get error
[    0.149359] cfg80211: Calling CRDA to update world regulatory domain
[    0.155848] jz-dwc2 jz-dwc2: regulator vbus get error
[    0.160908] DWC IN OTG MODE
[    0.313594] sft id =========================off
[    0.318240] dwc2 dwc2: Keep PHY ON
[    0.321614] dwc2 dwc2: Using Buffer DMA mode
[    0.525000] dwc2 dwc2: Core Release: 3.00a
[    0.529117] dwc2 dwc2: DesignWare USB2.0 High-Speed Host Controller
[    0.535486] dwc2 dwc2: new USB bus registered, assigned bus number 1
[    0.542898] hub 1-0:1.0: USB hub found
[    0.546720] hub 1-0:1.0: 1 port detected
[    0.550831] dwc2 dwc2: DWC2 Host Initialized
[    0.555444] NET: Registered protocol family 2
[    0.560522] TCP established hash table entries: 512 (order: 0, 4096 bytes)
[    0.567514] TCP bind hash table entries: 512 (order: -1, 2048 bytes)
[    0.573918] TCP: Hash tables configured (established 512 bind 512)
[    0.580223] TCP: reno registered
[    0.583432] UDP hash table entries: 256 (order: 0, 4096 bytes)
[    0.589414] UDP-Lite hash table entries: 256 (order: 0, 4096 bytes)
[    0.596047] NET: Registered protocol family 1
[    0.600828] RPC: Registered named UNIX socket transport module.
[    0.606856] RPC: Registered udp transport module.
[    0.611549] RPC: Registered tcp transport module.
[    0.616340] RPC: Registered tcp NFSv4.1 backchannel transport module.
[    0.623334] freq_udelay_jiffys[0].max_num = 10
[    0.627826] cpufreq 	udelay 	loops_per_jiffy	
[    0.632194] dwc2 dwc2: ID PIN CHANGED!
[    0.636039] init DWC as A_HOST
[    0.639098] 12000	 59619	 59619	
[    0.642334] 24000	 119239	 119239	
[    0.645948] 60000	 298097	 298097	
[    0.649321] 120000	 596195	 596195	
[    0.652851] 200000	 993659	 993659	
[    0.656551] 300000	 1490488	 1490488	
[    0.660187] 600000	 2980977	 2980977	
[    0.663936] 792000	 3934890	 3934890	
[    0.667602] 1008000	 5008042	 5008042	
[    0.671399] 1200000	 5961955	 5961955	
[    0.681398] squashfs: version 4.0 (2009/01/31) Phillip Lougher
[    0.688561] NFS: Registering the id_resolver key type
[    0.693765] Key type id_resolver registered
[    0.697933] Key type id_legacy registered
[    0.702043] jffs2: version 2.2. © 2001-2006 Red Hat, Inc.
[    0.708101] msgmni has been set to 73
[    0.714537] io scheduler noop registered
[    0.718481] io scheduler cfq registered (default)
[    0.725691] jz-uart.0: ttyS0 at MMIO 0x10030000 (irq = 59) is a uart0
[    0.732362] jz-uart.1: ttyS1 at MMIO 0x10031000 (irq = 58) is a uart1
[    0.740659] console [ttyS1] enabled, bootconsole disabled
[    0.740659] console [ttyS1] enabled, bootconsole disabled
[    0.757595] brd: module loaded
[    0.763783] loop: module loaded
[    0.767873] zram: Created 2 device(s) ...
[    0.772135] logger: created 256K log 'log_main'
[    0.777851] jz SADC driver registeres over!
[    0.784147] jz TCU driver register completed
[    0.789156] the id code = a14018, the flash name is FM25Q128A
[    0.795151] JZ SFC Controller for SFC channel 0 driver register
[    0.801291] mtd: jz_sfc: skipping zero sized partition
[    0.806625] 8 cmdlinepart partitions found on MTD device jz_sfc
[    0.812743] Creating 8 MTD partitions on "jz_sfc":
[    0.817717] 0x000000000000-0x000000040000 : "boot"
[    0.823385] 0x000000040000-0x0000002c0000 : "kernel"
[    0.829277] 0x0000002c0000-0x000000ba0000 : "root"
[    0.835026] 0x000000ba0000-0x000000bf0000 : "syscfg"
[    0.840888] 0x000000bf0000-0x000000c40000 : "sysbak"
[    0.846817] 0x000000c40000-0x000000db0000 : "minikernel"
[    0.853023] 0x000000db0000-0x000000ff0000 : "minirootfs"
[    0.859315] 0x000000ff0000-0x000001000000 : "upgrade"
[    0.865332] SPI NOR MTD LOAD OK
[    0.868676] tun: Universal TUN/TAP device driver, 1.6
[    0.873959] tun: (C) 1999-2004 Max Krasnyansky <maxk@qualcomm.com>
[    0.880503] Bus Mode Reg after reset: 0x00020101, cnt=0
[    0.904427] libphy: jz_mii_bus: probed
[    0.908415] =======>gmacdev = 0x82202a80<================
[    0.914115] =========>gmacdev->MacBase = 0xb34b0000 DmaBase = 0xb34b1000
[    0.921045] Bus Mode Reg after reset: 0x00020101, cnt=0
[    0.928689] jz_mac jz_mac.0: JZ on-chip Ethernet MAC driver, Version 1.0
[    0.935737] failed to request GPIO 47
[    0.940224] TCP: cubic registered
[    0.943823] NET: Registered protocol family 17
[    0.948537] Key type dns_resolver registered
[    0.953431] soc_vpu probe success,version:1.0.0-03203fd46d
[    0.959617] input: gpio-keys as /devices/platform/gpio-keys/input/input0
[    0.967097] drivers/rtc/hctosys.c: unable to open rtc device (rtc0)
[    0.979813] VFS: Mounted root (squashfs filesystem) readonly on device 31:2.
[    0.987782] Freeing unused kernel memory: 236K (804e5000 - 80520000)
[    1.751832] dwc2 dwc2:  ++OTG Interrupt: A-Device Timeout Change++
mdev is ok......

   Press q -> ENTER to exit boot procedure? 0
no need mount tfcard
[    3.055588] exFAT: Version 1.2.9
[    3.173421] jzmmc_v1.2 jzmmc_v1.2.0: vmmc regulator missing
[    3.213681] jzmmc_v1.2 jzmmc_v1.2.0: register success!
[    3.219076] jzmmc_v1.2 jzmmc_v1.2.1: vmmc regulator missing
[    3.263618] jzmmc_v1.2 jzmmc_v1.2.1: register success!

Ingenic-uc1_1 login: [    3.648275] 
[    3.648275]  peripher dev  success
[    3.903089] jz_codec_register: probe() successful!
[    4.274020] dma dma0chan24: Channel 24 have been requested.(phy id 7,type 0x06 desc a1903000)
[    4.283400] dma dma0chan25: Channel 25 have been requested.(phy id 6,type 0x06 desc a182a000)
[    4.292820] dma dma0chan26: Channel 26 have been requested.(phy id 5,type 0x04 desc a1826000)
[    4.822029] usbcore: registered new interface driver rtl8188fu
ip: SIOCSIFNAME: No such device
[    4.904521] 
[    4.904521]  20170721 15:58 GM8135S/GM8136S Init Reset Key Driver Success
[    4.963151] 
[    4.963151]  NetLED for rts390xN dev  success
hw_func_params :  0600011110001
[    4.981086] Bus Mode Reg after reset: 0x00020101, cnt=0
ifconfig: SIOCSIFADDR: No such device
Start memory monitor
TotalFree:28700
Not Insert Sd Card 
[3.0|hySyscfg.c|hySysCfgInit,3312] ----core sdk version [V3.0.16-20211106] build:2021-11-06T14:52----
Get Ajy Url = https://sdc-isc.ajcloud.net/api/v1/cmd/register 
[3.0|hySyscfg.c|IniGetPtz485BaudRate,3152]  BaudRate /var/syscfg/485baudrate.ini not exist, set default(9600)
[3.0|hySyscfg.c|IniGetPtz485BaudRate,3154]  [9600] 
IniGetSoftCapability] onvif: bOnvifEnable=1
[3.0|coreNet.c|coreNetInit,1931] 
[3.0|coreNet.c|NetCallSystem,97] 000 NetCallSystem ifconfig eth0 down;sleep 1;ifconfig eth0 hw ether XX:XX:XX:XX:XX:XX;ifconfig eth0 up;echo XX:XX:XX:XX:XX:XX > /var/ethmacaddress;ifconfig eth0 0.0.0.0 errno=2, nLoop=0 
[    9.304305] Bus Mode Reg after reset: 0x00020101, cnt=0
[3.0|coreNet.c|NetCallSystem,127] 001 NetCallSystem ifconfig eth0 down;sleep 1;ifconfig eth0 hw ether XX:XX:XX:XX:XX:XX;ifconfig eth0 up;echo XX:XX:XX:XX:XX:XX > /var/ethmacaddress;ifconfig eth0 0.0.0.0 errno = 2,nLoop = 3 
[3.0|halWifiHandle.c|hWIFI_GetWpaSupplicantConf,409] ssid= pwd= security=0
Not Found SD card WiFi Conf File
Failed to connect to non-global ctrl_ifname: ra0  error: No such file or directory
chPOpenBuf--sh
grep
--
chPOpenBuf--sh
grep
--
[3.0|halWifiHandle.c|hWIFI_CheckWpaSupplicant,96] nStatus---------------
ifconfig: SIOCGIFFLAGS: No such device
[3.0|halWifiHandle.c|hWIFI_CheckWpaSupplicant,104] start wpa_supplicant---
Not wpa
[3.0|coreNet.c|checkPhy_ap0,300] checkPhy_ap0 =0
[3.0|coreNet.c|coreNetInit,1943] checkPhy_ap0(.), g_bHasAp0=0
 startNetEventThread(), gs_threadNetEvent=0
[3.0|coreNet.c|startNetManagerThread,1840] Start Net manager :0 
Call Sem Set 
[3.0|SemOper.cpp|SemInit,88] SemInit :0,10 
[3.0|libcfAvshm.cpp|InitAvShm,181] 001 Shm Info:1036800,0,0 
[3.0|libcfAvshm.cpp|InitAvShm,261] 001.1 Shm Info:0,0,0,1036800 
[3.0|libcfAvshm.cpp|InitAvShm,269] 002 Shm Info:1036800,1036768,0,1036800,0,0,0,0 
Call Sem Set 
[3.0|SemOper.cpp|SemInit,88] SemInit :32769,20 
[3.0|libcfAvshm.cpp|InitAvShm,181] 001 Shm Info:165888,0,1 
[3.0|libcfAvshm.cpp|InitAvShm,261] 001.1 Shm Info:0,0,0,165888 
[3.0|libcfAvshm.cpp|InitAvShm,269] 002 Shm Info:165888,165856,0,165888,0,0,0,0 
Call Sem Set 
[3.0|SemOper.cpp|SemInit,88] SemInit :65538,100 
[3.0|libcfAvshm.cpp|InitAvShm,181] 001 Shm Info:2048,1,0 
[3.0|libcfAvshm.cpp|InitAvShm,261] 001.1 Shm Info:0,0,0,2048 
[3.0|libcfAvshm.cpp|InitAvShm,269] 002 Shm Info:2048,2016,0,2048,0,0,0,0 
iniparser: cannot open /var/syscfg/syscfg_ext.ini
[3.0|coreNet.c|netManagerThread,1378] Create NetManager Thread :1970947312 
---- ThreadNetEvent is going...  gs_bRunning=1
 ThreadNetEvent, sockFd=5
cp: can't stat '/var/syscfg/def_syscfg_ext.ini': No such file or directory
iniparser: cannot open /var/syscfg/syscfg_ext.ini
[3.0|coreHardware.c|coreHwInit,854] 
snLedOppositeState = 1 
[3.0|coreHardware.c|coreHwInit,872] night vision type:1(0600011110001/6)
[3.0|coreHardware.c|coreHwNightVisionCtrlSet,939] ----nIrledMode=2 nIrcutMode=2
[3.0|coreHardware.c|StartHWControlThread,438] 
[3.0|coreHardware.c|StartHWControlThread,442] 
Successfully initialized wpa_supplicant
Could not read interface ra0 flags: No such device
nl80211: Driver does not support authentication/association or connect commands
nl80211: deinit ifname=ra0 disabled_11b_rates=0
Could not read interface ra0 flags: No such device
ra0: Failed to initialize driver interface
[3.0|coreAvStream.c|coreAvInit,61] 
[3.0|video.c|sample_sensor_init,1643] 
call sample_system_init 
read sensortype 
chTypeString type = sensor:os02g10
 
sensor type = ***os02g10
*** 
Sensor Name = ***os02b10*** 
Sensor Name = ***ps5260*** 
Sensor Name = ***sc2232h*** 
Sensor Name = ***ov2735b*** 
Sensor Name = ***ps5270*** 
Sensor Name = ***jxf37*** 
Sensor Name = ***sc2300*** 
Sensor Name = ***mis2008*** 
Sensor Name = ***os02g10*** 
Get Sensor Type = 8 
006 sample_system_init :Index:8,Widht,Heighit(1920x1080)
[   13.628038] set sensor gpio as PA-high-10bit
[   13.704849] os02g10 chip found @ 0x3c (i2c0)
[   13.739009] --------------------------------
[   13.827730] write_array=0
[3.0|coreAvStream.c|coreAvInit,78] gs_bSensorInited=1
001 audio_aec_start_Thread printf aigain value = 12 
002 audio_aec_start_Thread printf g_AiDevID = 1 
[   14.323574] codec_set_device: set device: MIC...
AJY_IPC, audio_aec_init] chnVol=60 aigain=12
IMP_AI_EnableHpf  
Enable NS 
[3.0|coreAvStream.c|coreAudioStreamStart,370] g_hAEncodeThread : 1879893232
[3.0|coreAvStream.c|coreAudioPlayInit,472] 
[3.0|audio.c|audio_play_init,784] 
avcodec_receive_packet failed：-11 
[   14.853577] codec_set_device: set device: speaker...
[3.0|audio.c|StartBeepThread,1255] 
[3.0|coreAvStream.c|coreAudioDrvParamSet,608] audio, outEnable=1 inEnable=1 outVol=70 inVol=70 outType=0
[3.0|coreAvStream.c|coreYuvDataStart,286]  
[3.0|SemOper.cpp|SemInit,88] SemInit :0,10 
[3.0|libcfAvshm.cpp|InitAvShm,181] 001 Shm Info:0,0,0 
[3.0|libcfAvshm.cpp|InitAvShm,269] 002 Shm Info:1036800,1036768,0,0,0,0,0,0 
[3.0|SemOper.cpp|SemInit,88] SemInit :65538,100 
[3.0|libcfAvshm.cpp|InitAvShm,181] 001 Shm Info:0,1,0 
[3.0|libcfAvshm.cpp|InitAvShm,269] 002 Shm Info:2048,2016,857,0,3,3,1,3 
[3.0|audio.c|AudioBeepThread,1195] 
coreNetSearchWifiList 
The xml stream file path = /etc/streamingserver.xml 
select_startevents size = 1024 
qtsserver initialize 
Failed to connect to non-global ctrl_ifname: ra0  error: No such file or directory
Failed to connect to non-global ctrl_ifname: ra0  error: No such file or directory
http proxt tunnel map 
new setdefault rtsp port 
New set default rtsp port 
new attirbue data 
new attirbue data 
new attirbue data 
AddThreads = 2 
osthread os pthread_create fThreadID==1785111792 
osthread os pthread_create fThreadID==1785091312 
start idle task 
osthread os pthread_create fThreadID==1785070832 
osthread os pthread_create fThreadID==1785050352 
juju TaskThread::Entry insert TaskName=live_TimeoutTask timeout=60000 fEvents=0
new fattributes 
new fattributes 
new setdefault rtsp port 
New set default rtsp port 
new attirbue data 
new attirbue data 
new attirbue data 
init modules 
QtssLive Initialize = 4 
SetAccessFileName 0xd59900,size = 8 
open file object 
open file object 
Call access file initialize 
start task new 
Call Get EventContext 
Call Get EventContext 
juju SetupUDPSockets m_pThePair=0xd59940
fRTP_StartRtspThread

[01/Jan/1970:00:00:16 +0000] boa: server version Boa/0.94.13
[01/Jan/1970:00:00:16 +0000] boa: server built Oct 20 2021 at 17:37:02.
[01/Jan/1970:00:00:16 +0000] boa: starting server pid=391, port 80
[3.0|coreHardware.c|ircutPolling,302] eRetDayNight = 0
	
[3.0|halGpioHandle.c|hGPIO_ControlIrcut,251] Call IRCut Close 
Input nMode =0 [0:Close 2:Auto Other:Error]
coreNetSearchWifiList 
Failed to connect to non-global ctrl_ifname: ra0  error: No such file or directory
Failed to connect to non-global ctrl_ifname: ra0  error: No such file or directory
====================================================================================


